// Jest Snapshot v1, https://goo.gl/fbAQLP

exports[`ModernDatepicker component ModernDatepicker: renders correctly 1`] = `
<div
  className="Container-sc-crzztr-0 furIyG"
  onBlur={[Function]}
>
  <input
    className="Input__DInput-sc-12thhga-0 lmpcCT"
    onChange={[Function]}
    onFocus={[Function]}
    placeholder="Select a date"
    type="text"
    value="25-04-2018"
  />
</div>
`;
